
> projet-fil-rouge@0.0.0 build
> ng build

[33mÔØ»[39m Building...
[32mÔ£ö[39m Building...
[1mInitial chunk files[22m  [2m | [22m[1mNames[22m        [2m | [22m [1mRaw size[22m[2m | [22m[1mEstimated transfer size[22m
[32mchunk-B5RPUA4Q.js[39m    [2m | [22m[2m-[22m            [2m | [22m[36m237.86 kB[39m[2m | [22m               [36m64.46 kB[39m
[32mpolyfills-5CFQRCPP.js[39m[2m | [22m[2mpolyfills[22m    [2m | [22m [36m34.59 kB[39m[2m | [22m               [36m11.33 kB[39m
[32mmain-LPFYDWOL.js[39m     [2m | [22m[2mmain[22m         [2m | [22m  [36m4.80 kB[39m[2m | [22m                [36m1.65 kB[39m
[32mchunk-JYKGCGA7.js[39m    [2m | [22m[2m-[22m            [2m | [22m[36m715 bytes[39m[2m | [22m              [36m715 bytes[39m
[32mstyles-N6IBXYKL.css[39m  [2m | [22m[2mstyles[22m       [2m | [22m[36m196 bytes[39m[2m | [22m              [36m196 bytes[39m

[1m [22m                    [2m | [22m[1mInitial total[22m[2m | [22m[1m278.16 kB[22m[2m | [22m               [1m78.36 kB[22m

[1mLazy chunk files[22m     [2m | [22m[1mNames[22m        [2m | [22m [1mRaw size[22m[2m | [22m[1mEstimated transfer size[22m
[32mchunk-VT2ZSKN6.js[39m    [2m | [22m[2mhome-module[22m  [2m | [22m [36m35.13 kB[39m[2m | [22m                [36m8.73 kB[39m
[32mchunk-DRXS6GZM.js[39m    [2m | [22m[2mtasks-module[22m [2m | [22m  [36m2.11 kB[39m[2m | [22m              [36m972 bytes[39m
[32mchunk-EOF7GPM7.js[39m    [2m | [22m[2m-[22m            [2m | [22m  [36m1.53 kB[39m[2m | [22m              [36m560 bytes[39m
[32mchunk-JVCN7HOI.js[39m    [2m | [22m[2mabout-module[22m [2m | [22m[36m733 bytes[39m[2m | [22m              [36m733 bytes[39m

Application bundle generation complete. [3.546 seconds] - 2026-02-11T09:07:55.811Z

Output location: C:\IPI\Angular\ProjetFilRouge\taskboard-pro\dist\ProjetFilRouge

